// Jest Snapshot v1, https://goo.gl/fbAQLP

exports[`Render nav 1`] = `
<div>
  <div
    className="nav-head"
  >
    <a
      className="logo"
      href="/"
      onClick={[Function]}
    />
  </div>
  <nav
    className="navbar navbar-default main-nav"
  >
    <ul
      className="nav navbar-nav"
    >
      <li
        className="active"
      >
        <a
          href="/"
          onClick={[Function]}
        >
          Posts
        </a>
      </li>
      <li
        className=""
      >
        <a
          href="/"
          onClick={[Function]}
        >
          Comunidades
        </a>
      </li>
      <li
        className=""
      >
        <a
          href="/"
          onClick={[Function]}
        >
          Tops
        </a>
      </li>
    </ul>
  </nav>
</div>
`;
